/home/gilbertsoco/Open-Manipulator-X-6/install/open_manipulator_x6/lib/python3.10/site-packages/open_manipulator_x6/utils.py
/home/gilbertsoco/Open-Manipulator-X-6/install/open_manipulator_x6/lib/python3.10/site-packages/open_manipulator_x6/arm_driver.py
/home/gilbertsoco/Open-Manipulator-X-6/install/open_manipulator_x6/lib/python3.10/site-packages/open_manipulator_x6/__init__.py
/home/gilbertsoco/Open-Manipulator-X-6/install/open_manipulator_x6/lib/python3.10/site-packages/open_manipulator_x6/dynamixel_driver.py
/home/gilbertsoco/Open-Manipulator-X-6/install/open_manipulator_x6/lib/python3.10/site-packages/open_manipulator_x6/settling_time_test.py
/home/gilbertsoco/Open-Manipulator-X-6/install/open_manipulator_x6/lib/python3.10/site-packages/open_manipulator_x6/__pycache__/utils.cpython-310.pyc
/home/gilbertsoco/Open-Manipulator-X-6/install/open_manipulator_x6/lib/python3.10/site-packages/open_manipulator_x6/__pycache__/arm_driver.cpython-310.pyc
/home/gilbertsoco/Open-Manipulator-X-6/install/open_manipulator_x6/lib/python3.10/site-packages/open_manipulator_x6/__pycache__/__init__.cpython-310.pyc
/home/gilbertsoco/Open-Manipulator-X-6/install/open_manipulator_x6/lib/python3.10/site-packages/open_manipulator_x6/__pycache__/dynamixel_driver.cpython-310.pyc
/home/gilbertsoco/Open-Manipulator-X-6/install/open_manipulator_x6/lib/python3.10/site-packages/open_manipulator_x6/__pycache__/settling_time_test.cpython-310.pyc
/home/gilbertsoco/Open-Manipulator-X-6/install/open_manipulator_x6/share/ament_index/resource_index/packages/open_manipulator_x6
/home/gilbertsoco/Open-Manipulator-X-6/install/open_manipulator_x6/share/open_manipulator_x6/package.xml
/home/gilbertsoco/Open-Manipulator-X-6/install/open_manipulator_x6/share/open_manipulator_x6/launch/arm.launch.py
/home/gilbertsoco/Open-Manipulator-X-6/install/open_manipulator_x6/share/open_manipulator_x6/config/motors.yaml
/home/gilbertsoco/Open-Manipulator-X-6/install/open_manipulator_x6/lib/python3.10/site-packages/open_manipulator_x6-0.1.0-py3.10.egg-info/top_level.txt
/home/gilbertsoco/Open-Manipulator-X-6/install/open_manipulator_x6/lib/python3.10/site-packages/open_manipulator_x6-0.1.0-py3.10.egg-info/entry_points.txt
/home/gilbertsoco/Open-Manipulator-X-6/install/open_manipulator_x6/lib/python3.10/site-packages/open_manipulator_x6-0.1.0-py3.10.egg-info/dependency_links.txt
/home/gilbertsoco/Open-Manipulator-X-6/install/open_manipulator_x6/lib/python3.10/site-packages/open_manipulator_x6-0.1.0-py3.10.egg-info/requires.txt
/home/gilbertsoco/Open-Manipulator-X-6/install/open_manipulator_x6/lib/python3.10/site-packages/open_manipulator_x6-0.1.0-py3.10.egg-info/PKG-INFO
/home/gilbertsoco/Open-Manipulator-X-6/install/open_manipulator_x6/lib/python3.10/site-packages/open_manipulator_x6-0.1.0-py3.10.egg-info/zip-safe
/home/gilbertsoco/Open-Manipulator-X-6/install/open_manipulator_x6/lib/python3.10/site-packages/open_manipulator_x6-0.1.0-py3.10.egg-info/SOURCES.txt
/home/gilbertsoco/Open-Manipulator-X-6/install/open_manipulator_x6/lib/open_manipulator_x6/arm_driver
